Picked up JAVA_TOOL_OPTIONS: -Dstdout.encoding=UTF-8 -Dstderr.encoding=UTF-8
[INFO] Scanning for projects...
[INFO] ------------------------------------------------------------------------
[INFO] Reactor Build Order:
[INFO] 
[INFO] library-3tier                                                      [pom]
[INFO] library-domain-model                                               [jar]
[INFO] library-web-service                                                [jar]
[INFO] library-web-front                                                  [jar]
[INFO] 
[INFO] ------------------------< th.mfu:library-3tier >------------------------
[INFO] Building library-3tier 1.0-SNAPSHOT                                [1/4]
[INFO]   from pom.xml
[INFO] --------------------------------[ pom ]---------------------------------
[INFO] 
[INFO] --------------------< th.mfu:library-domain-model >---------------------
[INFO] Building library-domain-model 1.0-SNAPSHOT                         [2/4]
[INFO]   from library-domain-model\pom.xml
[INFO] --------------------------------[ jar ]---------------------------------
[INFO] 
[INFO] --- resources:3.1.0:resources (default-resources) @ library-domain-model ---
[INFO] Using 'UTF-8' encoding to copy filtered resources.
[INFO] Copying 0 resource
[INFO] Copying 1 resource
[INFO] 
[INFO] --- compiler:3.8.1:compile (default-compile) @ library-domain-model ---
[INFO] Nothing to compile - all classes are up to date
[INFO] 
[INFO] --- resources:3.1.0:testResources (default-testResources) @ library-domain-model ---
[INFO] Using 'UTF-8' encoding to copy filtered resources.
[INFO] skip non existing resourceDirectory D:\Diiwork\sample-boot-3tier\sample-boot-3tier\library-domain-model\src\test\resources
[INFO] 
[INFO] --- compiler:3.8.1:testCompile (default-testCompile) @ library-domain-model ---
[INFO] No sources to compile
[INFO] 
[INFO] --- surefire:2.22.2:test (default-test) @ library-domain-model ---
[INFO] 
[INFO] --- jar:3.2.0:jar (default-jar) @ library-domain-model ---
[INFO] 
[INFO] ---------------------< th.mfu:library-web-service >---------------------
[INFO] Building library-web-service 1.0-SNAPSHOT                          [3/4]
[INFO]   from library-web-service\pom.xml
[INFO] --------------------------------[ jar ]---------------------------------
[INFO] 
[INFO] --- resources:3.1.0:resources (default-resources) @ library-web-service ---
[INFO] Using 'UTF-8' encoding to copy filtered resources.
[INFO] Copying 1 resource
[INFO] Copying 0 resource
[INFO] 
[INFO] --- compiler:3.8.1:compile (default-compile) @ library-web-service ---
[INFO] Nothing to compile - all classes are up to date
[INFO] 
[INFO] --- resources:3.1.0:testResources (default-testResources) @ library-web-service ---
[INFO] Using 'UTF-8' encoding to copy filtered resources.
[INFO] skip non existing resourceDirectory D:\Diiwork\sample-boot-3tier\sample-boot-3tier\library-web-service\src\test\resources
[INFO] 
[INFO] --- compiler:3.8.1:testCompile (default-testCompile) @ library-web-service ---
[INFO] Nothing to compile - all classes are up to date
[INFO] 
[INFO] --- surefire:2.22.2:test (default-test) @ library-web-service ---
[INFO] 
[INFO] -------------------------------------------------------
[INFO]  T E S T S
[INFO] -------------------------------------------------------
[INFO] 
[INFO] Results:
[INFO] 
[INFO] Tests run: 0, Failures: 0, Errors: 0, Skipped: 0
[INFO] 
[INFO] ------------------------------------------------------------------------
[INFO] Reactor Summary for library-3tier 1.0-SNAPSHOT:
[INFO] 
[INFO] library-3tier ...................................... SUCCESS [  0.006 s]
[INFO] library-domain-model ............................... SUCCESS [  3.783 s]
[INFO] library-web-service ................................ FAILURE [  1.077 s]
[INFO] library-web-front .................................. SKIPPED
[INFO] ------------------------------------------------------------------------
[INFO] BUILD FAILURE
[INFO] ------------------------------------------------------------------------
[INFO] Total time:  5.667 s
[INFO] Finished at: 2026-07-31T02:36:03+07:00
[INFO] ------------------------------------------------------------------------
[ERROR] Failed to execute goal org.apache.maven.plugins:maven-surefire-plugin:2.22.2:test (default-test) on project library-web-service: There are test failures.
[ERROR] 
[ERROR] Please refer to D:\Diiwork\sample-boot-3tier\sample-boot-3tier\library-web-service\target\surefire-reports for the individual test results.
[ERROR] Please refer to dump files (if any exist) [date].dump, [date]-jvmRun[N].dump and [date].dumpstream.
[ERROR] The forked VM terminated without properly saying goodbye. VM crash or System.exit called?
[ERROR] Command was cmd.exe /X /C ""C:\Program Files\Java\jdk-25\bin\java" -jar C:\Users\QQ&BB\AppData\Local\Temp\surefire7235729993141459440\surefirebooter3914433193838252245.jar C:\Users\QQ&BB\AppData\Local\Temp\surefire7235729993141459440 2026-07-31T02-36-01_874-jvmRun1 surefire13742534452108955974tmp surefire_04750473850598894745tmp"
[ERROR] Error occurred in starting fork, check output in log
[ERROR] Process Exit Code: 1
[ERROR] org.apache.maven.surefire.booter.SurefireBooterForkException: The forked VM terminated without properly saying goodbye. VM crash or System.exit called?
[ERROR] Command was cmd.exe /X /C ""C:\Program Files\Java\jdk-25\bin\java" -jar C:\Users\QQ&BB\AppData\Local\Temp\surefire7235729993141459440\surefirebooter3914433193838252245.jar C:\Users\QQ&BB\AppData\Local\Temp\surefire7235729993141459440 2026-07-31T02-36-01_874-jvmRun1 surefire13742534452108955974tmp surefire_04750473850598894745tmp"
[ERROR] Error occurred in starting fork, check output in log
[ERROR] Process Exit Code: 1
[ERROR] 	at org.apache.maven.plugin.surefire.booterclient.ForkStarter.fork(ForkStarter.java:669)
[ERROR] 	at org.apache.maven.plugin.surefire.booterclient.ForkStarter.run(ForkStarter.java:282)
[ERROR] 	at org.apache.maven.plugin.surefire.booterclient.ForkStarter.run(ForkStarter.java:245)
[ERROR] 	at org.apache.maven.plugin.surefire.AbstractSurefireMojo.executeProvider(AbstractSurefireMojo.java:1183)
[ERROR] 	at org.apache.maven.plugin.surefire.AbstractSurefireMojo.executeAfterPreconditionsChecked(AbstractSurefireMojo.java:1011)
[ERROR] 	at org.apache.maven.plugin.surefire.AbstractSurefireMojo.execute(AbstractSurefireMojo.java:857)
[ERROR] 	at org.apache.maven.plugin.DefaultBuildPluginManager.executeMojo(DefaultBuildPluginManager.java:126)
[ERROR] 	at org.apache.maven.lifecycle.internal.MojoExecutor.doExecute2(MojoExecutor.java:328)
[ERROR] 	at org.apache.maven.lifecycle.internal.MojoExecutor.doExecute(MojoExecutor.java:316)
[ERROR] 	at org.apache.maven.lifecycle.internal.MojoExecutor.execute(MojoExecutor.java:212)
[ERROR] 	at org.apache.maven.lifecycle.internal.MojoExecutor.execute(MojoExecutor.java:174)
[ERROR] 	at org.apache.maven.lifecycle.internal.MojoExecutor.access$000(MojoExecutor.java:75)
[ERROR] 	at org.apache.maven.lifecycle.internal.MojoExecutor$1.run(MojoExecutor.java:162)
[ERROR] 	at org.apache.maven.plugin.DefaultMojosExecutionStrategy.execute(DefaultMojosExecutionStrategy.java:39)
[ERROR] 	at org.apache.maven.lifecycle.internal.MojoExecutor.execute(MojoExecutor.java:159)
[ERROR] 	at org.apache.maven.lifecycle.internal.LifecycleModuleBuilder.buildProject(LifecycleModuleBuilder.java:105)
[ERROR] 	at org.apache.maven.lifecycle.internal.LifecycleModuleBuilder.buildProject(LifecycleModuleBuilder.java:73)
[ERROR] 	at org.apache.maven.lifecycle.internal.builder.singlethreaded.SingleThreadedBuilder.build(SingleThreadedBuilder.java:53)
[ERROR] 	at org.apache.maven.lifecycle.internal.LifecycleStarter.execute(LifecycleStarter.java:118)
[ERROR] 	at org.apache.maven.DefaultMaven.doExecute(DefaultMaven.java:261)
[ERROR] 	at org.apache.maven.DefaultMaven.doExecute(DefaultMaven.java:173)
[ERROR] 	at org.apache.maven.DefaultMaven.execute(DefaultMaven.java:101)
[ERROR] 	at org.apache.maven.cli.MavenCli.execute(MavenCli.java:919)
[ERROR] 	at org.apache.maven.cli.MavenCli.doMain(MavenCli.java:285)
[ERROR] 	at org.apache.maven.cli.MavenCli.main(MavenCli.java:207)
[ERROR] 	at java.base/jdk.internal.reflect.DirectMethodHandleAccessor.invoke(DirectMethodHandleAccessor.java:104)
[ERROR] 	at java.base/java.lang.reflect.Method.invoke(Method.java:565)
[ERROR] 	at org.codehaus.plexus.classworlds.launcher.Launcher.launchEnhanced(Launcher.java:255)
[ERROR] 	at org.codehaus.plexus.classworlds.launcher.Launcher.launch(Launcher.java:201)
[ERROR] 	at org.codehaus.plexus.classworlds.launcher.Launcher.mainWithExitCode(Launcher.java:362)
[ERROR] 	at org.codehaus.plexus.classworlds.launcher.Launcher.main(Launcher.java:314)
[ERROR] 
[ERROR] -> [Help 1]
[ERROR] 
[ERROR] To see the full stack trace of the errors, re-run Maven with the -e switch.
[ERROR] Re-run Maven using the -X switch to enable full debug logging.
[ERROR] 
[ERROR] For more information about the errors and possible solutions, please read the following articles:
[ERROR] [Help 1] http://cwiki.apache.org/confluence/display/MAVEN/MojoExecutionException
[ERROR] 
[ERROR] After correcting the problems, you can resume the build with the command
[ERROR]   mvn <args> -rf :library-web-service
